---
source: src/tests/translating.rs
expression: ast
---
Block(
    BlockFragment {
        statements: [
            Log(
                LogFragment {
                    value: Subprocess(
                        SubprocessFragment {
                            fragment: List(
                                ListFragment {
                                    values: [
                                        Raw(
                                            RawFragment {
                                                value: "awk 'BEGIN { print ARGV[1]",
                                            },
                                        ),
                                        Raw(
                                            RawFragment {
                                                value: "-",
                                            },
                                        ),
                                        Raw(
                                            RawFragment {
                                                value: "ARGV[2] }'",
                                            },
                                        ),
                                        Raw(
                                            RawFragment {
                                                value: " ",
                                            },
                                        ),
                                        Raw(
                                            RawFragment {
                                                value: "21.2",
                                            },
                                        ),
                                        Raw(
                                            RawFragment {
                                                value: " ",
                                            },
                                        ),
                                        Raw(
                                            RawFragment {
                                                value: "7.3",
                                            },
                                        ),
                                    ],
                                    separator: Empty,
                                },
                            ),
                            quoted: true,
                        },
                    ),
                },
            ),
            Log(
                LogFragment {
                    value: Subprocess(
                        SubprocessFragment {
                            fragment: List(
                                ListFragment {
                                    values: [
                                        Raw(
                                            RawFragment {
                                                value: "awk 'BEGIN { print ARGV[1]",
                                            },
                                        ),
                                        Raw(
                                            RawFragment {
                                                value: "-",
                                            },
                                        ),
                                        Raw(
                                            RawFragment {
                                                value: "ARGV[2] }'",
                                            },
                                        ),
                                        Raw(
                                            RawFragment {
                                                value: " ",
                                            },
                                        ),
                                        Subprocess(
                                            SubprocessFragment {
                                                fragment: List(
                                                    ListFragment {
                                                        values: [
                                                            Raw(
                                                                RawFragment {
                                                                    value: "awk 'BEGIN { print ARGV[1]",
                                                                },
                                                            ),
                                                            Raw(
                                                                RawFragment {
                                                                    value: "-",
                                                                },
                                                            ),
                                                            Raw(
                                                                RawFragment {
                                                                    value: "ARGV[2] }'",
                                                                },
                                                            ),
                                                            Raw(
                                                                RawFragment {
                                                                    value: " ",
                                                                },
                                                            ),
                                                            Raw(
                                                                RawFragment {
                                                                    value: "2.32",
                                                                },
                                                            ),
                                                            Raw(
                                                                RawFragment {
                                                                    value: " ",
                                                                },
                                                            ),
                                                            Raw(
                                                                RawFragment {
                                                                    value: "1.12",
                                                                },
                                                            ),
                                                        ],
                                                        separator: Empty,
                                                    },
                                                ),
                                                quoted: true,
                                            },
                                        ),
                                        Raw(
                                            RawFragment {
                                                value: " ",
                                            },
                                        ),
                                        Raw(
                                            RawFragment {
                                                value: "3.32",
                                            },
                                        ),
                                    ],
                                    separator: Empty,
                                },
                            ),
                            quoted: true,
                        },
                    ),
                },
            ),
            Log(
                LogFragment {
                    value: Subprocess(
                        SubprocessFragment {
                            fragment: List(
                                ListFragment {
                                    values: [
                                        Raw(
                                            RawFragment {
                                                value: "awk 'BEGIN { print ARGV[1]",
                                            },
                                        ),
                                        Raw(
                                            RawFragment {
                                                value: "-",
                                            },
                                        ),
                                        Raw(
                                            RawFragment {
                                                value: "ARGV[2] }'",
                                            },
                                        ),
                                        Raw(
                                            RawFragment {
                                                value: " ",
                                            },
                                        ),
                                        Subprocess(
                                            SubprocessFragment {
                                                fragment: List(
                                                    ListFragment {
                                                        values: [
                                                            Raw(
                                                                RawFragment {
                                                                    value: "awk 'BEGIN { print ARGV[1]",
                                                                },
                                                            ),
                                                            Raw(
                                                                RawFragment {
                                                                    value: "-",
                                                                },
                                                            ),
                                                            Raw(
                                                                RawFragment {
                                                                    value: "ARGV[2] }'",
                                                                },
                                                            ),
                                                            Raw(
                                                                RawFragment {
                                                                    value: " ",
                                                                },
                                                            ),
                                                            Raw(
                                                                RawFragment {
                                                                    value: "1.5",
                                                                },
                                                            ),
                                                            Raw(
                                                                RawFragment {
                                                                    value: " ",
                                                                },
                                                            ),
                                                            Raw(
                                                                RawFragment {
                                                                    value: "3.5",
                                                                },
                                                            ),
                                                        ],
                                                        separator: Empty,
                                                    },
                                                ),
                                                quoted: true,
                                            },
                                        ),
                                        Raw(
                                            RawFragment {
                                                value: " ",
                                            },
                                        ),
                                        Raw(
                                            RawFragment {
                                                value: "2.5",
                                            },
                                        ),
                                    ],
                                    separator: Empty,
                                },
                            ),
                            quoted: true,
                        },
                    ),
                },
            ),
        ],
        increase_indent: true,
        needs_noop: false,
        is_conditional: false,
    },
)
