---
source: src/tests/translating.rs
expression: ast
---
Block(
    BlockFragment {
        statements: [
            Log(
                LogFragment {
                    value: Subprocess(
                        SubprocessFragment {
                            fragment: List(
                                ListFragment {
                                    values: [
                                        Raw(
                                            RawFragment {
                                                value: "awk 'BEGIN { print ARGV[1]",
                                                with_condition: false,
                                            },
                                        ),
                                        Raw(
                                            RawFragment {
                                                value: "+",
                                                with_condition: false,
                                            },
                                        ),
                                        Raw(
                                            RawFragment {
                                                value: "ARGV[2] }'",
                                                with_condition: false,
                                            },
                                        ),
                                        Raw(
                                            RawFragment {
                                                value: " ",
                                                with_condition: false,
                                            },
                                        ),
                                        Raw(
                                            RawFragment {
                                                value: "15.15",
                                                with_condition: false,
                                            },
                                        ),
                                        Raw(
                                            RawFragment {
                                                value: " ",
                                                with_condition: false,
                                            },
                                        ),
                                        Raw(
                                            RawFragment {
                                                value: "45.15",
                                                with_condition: false,
                                            },
                                        ),
                                    ],
                                    separator: Empty,
                                },
                            ),
                            quoted: true,
                            with_condition: false,
                        },
                    ),
                },
            ),
            Log(
                LogFragment {
                    value: Subprocess(
                        SubprocessFragment {
                            fragment: List(
                                ListFragment {
                                    values: [
                                        Raw(
                                            RawFragment {
                                                value: "awk 'BEGIN { print ARGV[1]",
                                                with_condition: false,
                                            },
                                        ),
                                        Raw(
                                            RawFragment {
                                                value: "+",
                                                with_condition: false,
                                            },
                                        ),
                                        Raw(
                                            RawFragment {
                                                value: "ARGV[2] }'",
                                                with_condition: false,
                                            },
                                        ),
                                        Raw(
                                            RawFragment {
                                                value: " ",
                                                with_condition: false,
                                            },
                                        ),
                                        Subprocess(
                                            SubprocessFragment {
                                                fragment: List(
                                                    ListFragment {
                                                        values: [
                                                            Raw(
                                                                RawFragment {
                                                                    value: "awk 'BEGIN { print ARGV[1]",
                                                                    with_condition: false,
                                                                },
                                                            ),
                                                            Raw(
                                                                RawFragment {
                                                                    value: "+",
                                                                    with_condition: false,
                                                                },
                                                            ),
                                                            Raw(
                                                                RawFragment {
                                                                    value: "ARGV[2] }'",
                                                                    with_condition: false,
                                                                },
                                                            ),
                                                            Raw(
                                                                RawFragment {
                                                                    value: " ",
                                                                    with_condition: false,
                                                                },
                                                            ),
                                                            Raw(
                                                                RawFragment {
                                                                    value: "39.45",
                                                                    with_condition: false,
                                                                },
                                                            ),
                                                            Raw(
                                                                RawFragment {
                                                                    value: " ",
                                                                    with_condition: false,
                                                                },
                                                            ),
                                                            Raw(
                                                                RawFragment {
                                                                    value: "21.18",
                                                                    with_condition: false,
                                                                },
                                                            ),
                                                        ],
                                                        separator: Empty,
                                                    },
                                                ),
                                                quoted: true,
                                                with_condition: false,
                                            },
                                        ),
                                        Raw(
                                            RawFragment {
                                                value: " ",
                                                with_condition: false,
                                            },
                                        ),
                                        Raw(
                                            RawFragment {
                                                value: "80.12",
                                                with_condition: false,
                                            },
                                        ),
                                    ],
                                    separator: Empty,
                                },
                            ),
                            quoted: true,
                            with_condition: false,
                        },
                    ),
                },
            ),
            Log(
                LogFragment {
                    value: Subprocess(
                        SubprocessFragment {
                            fragment: List(
                                ListFragment {
                                    values: [
                                        Raw(
                                            RawFragment {
                                                value: "awk 'BEGIN { print ARGV[1]",
                                                with_condition: false,
                                            },
                                        ),
                                        Raw(
                                            RawFragment {
                                                value: "+",
                                                with_condition: false,
                                            },
                                        ),
                                        Raw(
                                            RawFragment {
                                                value: "ARGV[2] }'",
                                                with_condition: false,
                                            },
                                        ),
                                        Raw(
                                            RawFragment {
                                                value: " ",
                                                with_condition: false,
                                            },
                                        ),
                                        Subprocess(
                                            SubprocessFragment {
                                                fragment: List(
                                                    ListFragment {
                                                        values: [
                                                            Raw(
                                                                RawFragment {
                                                                    value: "awk 'BEGIN { print ARGV[1]",
                                                                    with_condition: false,
                                                                },
                                                            ),
                                                            Raw(
                                                                RawFragment {
                                                                    value: "+",
                                                                    with_condition: false,
                                                                },
                                                            ),
                                                            Raw(
                                                                RawFragment {
                                                                    value: "ARGV[2] }'",
                                                                    with_condition: false,
                                                                },
                                                            ),
                                                            Raw(
                                                                RawFragment {
                                                                    value: " ",
                                                                    with_condition: false,
                                                                },
                                                            ),
                                                            Subprocess(
                                                                SubprocessFragment {
                                                                    fragment: List(
                                                                        ListFragment {
                                                                            values: [
                                                                                Raw(
                                                                                    RawFragment {
                                                                                        value: "awk 'BEGIN { print ARGV[1]",
                                                                                        with_condition: false,
                                                                                    },
                                                                                ),
                                                                                Raw(
                                                                                    RawFragment {
                                                                                        value: "+",
                                                                                        with_condition: false,
                                                                                    },
                                                                                ),
                                                                                Raw(
                                                                                    RawFragment {
                                                                                        value: "ARGV[2] }'",
                                                                                        with_condition: false,
                                                                                    },
                                                                                ),
                                                                                Raw(
                                                                                    RawFragment {
                                                                                        value: " ",
                                                                                        with_condition: false,
                                                                                    },
                                                                                ),
                                                                                Raw(
                                                                                    RawFragment {
                                                                                        value: "3.0",
                                                                                        with_condition: false,
                                                                                    },
                                                                                ),
                                                                                Raw(
                                                                                    RawFragment {
                                                                                        value: " ",
                                                                                        with_condition: false,
                                                                                    },
                                                                                ),
                                                                                Raw(
                                                                                    RawFragment {
                                                                                        value: "9.0",
                                                                                        with_condition: false,
                                                                                    },
                                                                                ),
                                                                            ],
                                                                            separator: Empty,
                                                                        },
                                                                    ),
                                                                    quoted: true,
                                                                    with_condition: false,
                                                                },
                                                            ),
                                                            Raw(
                                                                RawFragment {
                                                                    value: " ",
                                                                    with_condition: false,
                                                                },
                                                            ),
                                                            Raw(
                                                                RawFragment {
                                                                    value: "648.0",
                                                                    with_condition: false,
                                                                },
                                                            ),
                                                        ],
                                                        separator: Empty,
                                                    },
                                                ),
                                                quoted: true,
                                                with_condition: false,
                                            },
                                        ),
                                        Raw(
                                            RawFragment {
                                                value: " ",
                                                with_condition: false,
                                            },
                                        ),
                                        Raw(
                                            RawFragment {
                                                value: "12.23",
                                                with_condition: false,
                                            },
                                        ),
                                    ],
                                    separator: Empty,
                                },
                            ),
                            quoted: true,
                            with_condition: false,
                        },
                    ),
                },
            ),
        ],
        increase_indent: true,
        needs_noop: false,
        is_conditional: false,
    },
)
