---
source: src/tests/translating.rs
expression: ast
---
Block(
    BlockFragment {
        statements: [
            Log(
                LogFragment {
                    value: Arithmetic(
                        ArithmeticFragment {
                            left: Some(
                                Raw(
                                    RawFragment {
                                        value: "5",
                                        with_condition: false,
                                    },
                                ),
                            ),
                            right: Some(
                                Raw(
                                    RawFragment {
                                        value: "3",
                                        with_condition: false,
                                    },
                                ),
                            ),
                            op: Mul,
                            quoted: true,
                            with_condition: false,
                        },
                    ),
                },
            ),
            Log(
                LogFragment {
                    value: Arithmetic(
                        ArithmeticFragment {
                            left: Some(
                                Arithmetic(
                                    ArithmeticFragment {
                                        left: Some(
                                            Raw(
                                                RawFragment {
                                                    value: "2",
                                                    with_condition: false,
                                                },
                                            ),
                                        ),
                                        right: Some(
                                            Raw(
                                                RawFragment {
                                                    value: "4",
                                                    with_condition: false,
                                                },
                                            ),
                                        ),
                                        op: Mul,
                                        quoted: true,
                                        with_condition: false,
                                    },
                                ),
                            ),
                            right: Some(
                                Raw(
                                    RawFragment {
                                        value: "6",
                                        with_condition: false,
                                    },
                                ),
                            ),
                            op: Mul,
                            quoted: true,
                            with_condition: false,
                        },
                    ),
                },
            ),
            Log(
                LogFragment {
                    value: Arithmetic(
                        ArithmeticFragment {
                            left: Some(
                                Arithmetic(
                                    ArithmeticFragment {
                                        left: Some(
                                            Arithmetic(
                                                ArithmeticFragment {
                                                    left: Some(
                                                        Raw(
                                                            RawFragment {
                                                                value: "1",
                                                                with_condition: false,
                                                            },
                                                        ),
                                                    ),
                                                    right: Some(
                                                        Raw(
                                                            RawFragment {
                                                                value: "2",
                                                                with_condition: false,
                                                            },
                                                        ),
                                                    ),
                                                    op: Mul,
                                                    quoted: true,
                                                    with_condition: false,
                                                },
                                            ),
                                        ),
                                        right: Some(
                                            Raw(
                                                RawFragment {
                                                    value: "3",
                                                    with_condition: false,
                                                },
                                            ),
                                        ),
                                        op: Mul,
                                        quoted: true,
                                        with_condition: false,
                                    },
                                ),
                            ),
                            right: Some(
                                Raw(
                                    RawFragment {
                                        value: "4",
                                        with_condition: false,
                                    },
                                ),
                            ),
                            op: Mul,
                            quoted: true,
                            with_condition: false,
                        },
                    ),
                },
            ),
        ],
        increase_indent: true,
        needs_noop: false,
        is_conditional: false,
    },
)
