---
source: src/tests/translating.rs
expression: ast
---
Block(
    BlockFragment {
        statements: [
            Log(
                LogFragment {
                    value: Subprocess(
                        SubprocessFragment {
                            fragment: List(
                                ListFragment {
                                    values: [
                                        Raw(
                                            RawFragment {
                                                value: "echo ",
                                            },
                                        ),
                                        Raw(
                                            RawFragment {
                                                value: "5.5",
                                            },
                                        ),
                                        Raw(
                                            RawFragment {
                                                value: " '*' ",
                                            },
                                        ),
                                        Raw(
                                            RawFragment {
                                                value: "3.2",
                                            },
                                        ),
                                        Raw(
                                            RawFragment {
                                                value: " | bc ",
                                            },
                                        ),
                                        Raw(
                                            RawFragment {
                                                value: "-l",
                                            },
                                        ),
                                        Raw(
                                            RawFragment {
                                                value: " | sed '",
                                            },
                                        ),
                                        Raw(
                                            RawFragment {
                                                value: "/\\./ s/\\.\\{0,1\\}0\\{1,\\}$//",
                                            },
                                        ),
                                        Raw(
                                            RawFragment {
                                                value: "'",
                                            },
                                        ),
                                    ],
                                    separator: Empty,
                                },
                            ),
                            quoted: true,
                        },
                    ),
                },
            ),
            Log(
                LogFragment {
                    value: Subprocess(
                        SubprocessFragment {
                            fragment: List(
                                ListFragment {
                                    values: [
                                        Raw(
                                            RawFragment {
                                                value: "echo ",
                                            },
                                        ),
                                        Subprocess(
                                            SubprocessFragment {
                                                fragment: List(
                                                    ListFragment {
                                                        values: [
                                                            Raw(
                                                                RawFragment {
                                                                    value: "echo ",
                                                                },
                                                            ),
                                                            Raw(
                                                                RawFragment {
                                                                    value: "2.1",
                                                                },
                                                            ),
                                                            Raw(
                                                                RawFragment {
                                                                    value: " '*' ",
                                                                },
                                                            ),
                                                            Raw(
                                                                RawFragment {
                                                                    value: "4.0",
                                                                },
                                                            ),
                                                            Raw(
                                                                RawFragment {
                                                                    value: " | bc ",
                                                                },
                                                            ),
                                                            Raw(
                                                                RawFragment {
                                                                    value: "-l",
                                                                },
                                                            ),
                                                            Raw(
                                                                RawFragment {
                                                                    value: " | sed '",
                                                                },
                                                            ),
                                                            Raw(
                                                                RawFragment {
                                                                    value: "/\\./ s/\\.\\{0,1\\}0\\{1,\\}$//",
                                                                },
                                                            ),
                                                            Raw(
                                                                RawFragment {
                                                                    value: "'",
                                                                },
                                                            ),
                                                        ],
                                                        separator: Empty,
                                                    },
                                                ),
                                                quoted: true,
                                            },
                                        ),
                                        Raw(
                                            RawFragment {
                                                value: " '*' ",
                                            },
                                        ),
                                        Raw(
                                            RawFragment {
                                                value: "6.3",
                                            },
                                        ),
                                        Raw(
                                            RawFragment {
                                                value: " | bc ",
                                            },
                                        ),
                                        Raw(
                                            RawFragment {
                                                value: "-l",
                                            },
                                        ),
                                        Raw(
                                            RawFragment {
                                                value: " | sed '",
                                            },
                                        ),
                                        Raw(
                                            RawFragment {
                                                value: "/\\./ s/\\.\\{0,1\\}0\\{1,\\}$//",
                                            },
                                        ),
                                        Raw(
                                            RawFragment {
                                                value: "'",
                                            },
                                        ),
                                    ],
                                    separator: Empty,
                                },
                            ),
                            quoted: true,
                        },
                    ),
                },
            ),
            Log(
                LogFragment {
                    value: Subprocess(
                        SubprocessFragment {
                            fragment: List(
                                ListFragment {
                                    values: [
                                        Raw(
                                            RawFragment {
                                                value: "echo ",
                                            },
                                        ),
                                        Subprocess(
                                            SubprocessFragment {
                                                fragment: List(
                                                    ListFragment {
                                                        values: [
                                                            Raw(
                                                                RawFragment {
                                                                    value: "echo ",
                                                                },
                                                            ),
                                                            Subprocess(
                                                                SubprocessFragment {
                                                                    fragment: List(
                                                                        ListFragment {
                                                                            values: [
                                                                                Raw(
                                                                                    RawFragment {
                                                                                        value: "echo ",
                                                                                    },
                                                                                ),
                                                                                Raw(
                                                                                    RawFragment {
                                                                                        value: "1.0",
                                                                                    },
                                                                                ),
                                                                                Raw(
                                                                                    RawFragment {
                                                                                        value: " '*' ",
                                                                                    },
                                                                                ),
                                                                                Raw(
                                                                                    RawFragment {
                                                                                        value: "2.5",
                                                                                    },
                                                                                ),
                                                                                Raw(
                                                                                    RawFragment {
                                                                                        value: " | bc ",
                                                                                    },
                                                                                ),
                                                                                Raw(
                                                                                    RawFragment {
                                                                                        value: "-l",
                                                                                    },
                                                                                ),
                                                                                Raw(
                                                                                    RawFragment {
                                                                                        value: " | sed '",
                                                                                    },
                                                                                ),
                                                                                Raw(
                                                                                    RawFragment {
                                                                                        value: "/\\./ s/\\.\\{0,1\\}0\\{1,\\}$//",
                                                                                    },
                                                                                ),
                                                                                Raw(
                                                                                    RawFragment {
                                                                                        value: "'",
                                                                                    },
                                                                                ),
                                                                            ],
                                                                            separator: Empty,
                                                                        },
                                                                    ),
                                                                    quoted: true,
                                                                },
                                                            ),
                                                            Raw(
                                                                RawFragment {
                                                                    value: " '*' ",
                                                                },
                                                            ),
                                                            Raw(
                                                                RawFragment {
                                                                    value: "3.1",
                                                                },
                                                            ),
                                                            Raw(
                                                                RawFragment {
                                                                    value: " | bc ",
                                                                },
                                                            ),
                                                            Raw(
                                                                RawFragment {
                                                                    value: "-l",
                                                                },
                                                            ),
                                                            Raw(
                                                                RawFragment {
                                                                    value: " | sed '",
                                                                },
                                                            ),
                                                            Raw(
                                                                RawFragment {
                                                                    value: "/\\./ s/\\.\\{0,1\\}0\\{1,\\}$//",
                                                                },
                                                            ),
                                                            Raw(
                                                                RawFragment {
                                                                    value: "'",
                                                                },
                                                            ),
                                                        ],
                                                        separator: Empty,
                                                    },
                                                ),
                                                quoted: true,
                                            },
                                        ),
                                        Raw(
                                            RawFragment {
                                                value: " '*' ",
                                            },
                                        ),
                                        Raw(
                                            RawFragment {
                                                value: "4.7",
                                            },
                                        ),
                                        Raw(
                                            RawFragment {
                                                value: " | bc ",
                                            },
                                        ),
                                        Raw(
                                            RawFragment {
                                                value: "-l",
                                            },
                                        ),
                                        Raw(
                                            RawFragment {
                                                value: " | sed '",
                                            },
                                        ),
                                        Raw(
                                            RawFragment {
                                                value: "/\\./ s/\\.\\{0,1\\}0\\{1,\\}$//",
                                            },
                                        ),
                                        Raw(
                                            RawFragment {
                                                value: "'",
                                            },
                                        ),
                                    ],
                                    separator: Empty,
                                },
                            ),
                            quoted: true,
                        },
                    ),
                },
            ),
        ],
        increase_indent: true,
        needs_noop: false,
        is_conditional: false,
    },
)
