---
source: src/tests/translating.rs
expression: ast
---
Block(
    BlockFragment {
        statements: [
            Log(
                LogFragment {
                    value: Subprocess(
                        SubprocessFragment {
                            fragment: List(
                                ListFragment {
                                    values: [
                                        Raw(
                                            RawFragment {
                                                value: "awk 'BEGIN { print ARGV[1]",
                                                with_condition: false,
                                            },
                                        ),
                                        Raw(
                                            RawFragment {
                                                value: "/",
                                                with_condition: false,
                                            },
                                        ),
                                        Raw(
                                            RawFragment {
                                                value: "ARGV[2] }'",
                                                with_condition: false,
                                            },
                                        ),
                                        Raw(
                                            RawFragment {
                                                value: " ",
                                                with_condition: false,
                                            },
                                        ),
                                        Raw(
                                            RawFragment {
                                                value: "10.5",
                                                with_condition: false,
                                            },
                                        ),
                                        Raw(
                                            RawFragment {
                                                value: " ",
                                                with_condition: false,
                                            },
                                        ),
                                        Raw(
                                            RawFragment {
                                                value: "2.1",
                                                with_condition: false,
                                            },
                                        ),
                                    ],
                                    separator: Empty,
                                },
                            ),
                            quoted: true,
                            with_condition: false,
                        },
                    ),
                },
            ),
            Log(
                LogFragment {
                    value: Subprocess(
                        SubprocessFragment {
                            fragment: List(
                                ListFragment {
                                    values: [
                                        Raw(
                                            RawFragment {
                                                value: "awk 'BEGIN { print ARGV[1]",
                                                with_condition: false,
                                            },
                                        ),
                                        Raw(
                                            RawFragment {
                                                value: "/",
                                                with_condition: false,
                                            },
                                        ),
                                        Raw(
                                            RawFragment {
                                                value: "ARGV[2] }'",
                                                with_condition: false,
                                            },
                                        ),
                                        Raw(
                                            RawFragment {
                                                value: " ",
                                                with_condition: false,
                                            },
                                        ),
                                        Subprocess(
                                            SubprocessFragment {
                                                fragment: List(
                                                    ListFragment {
                                                        values: [
                                                            Raw(
                                                                RawFragment {
                                                                    value: "awk 'BEGIN { print ARGV[1]",
                                                                    with_condition: false,
                                                                },
                                                            ),
                                                            Raw(
                                                                RawFragment {
                                                                    value: "/",
                                                                    with_condition: false,
                                                                },
                                                            ),
                                                            Raw(
                                                                RawFragment {
                                                                    value: "ARGV[2] }'",
                                                                    with_condition: false,
                                                                },
                                                            ),
                                                            Raw(
                                                                RawFragment {
                                                                    value: " ",
                                                                    with_condition: false,
                                                                },
                                                            ),
                                                            Raw(
                                                                RawFragment {
                                                                    value: "20.4",
                                                                    with_condition: false,
                                                                },
                                                            ),
                                                            Raw(
                                                                RawFragment {
                                                                    value: " ",
                                                                    with_condition: false,
                                                                },
                                                            ),
                                                            Raw(
                                                                RawFragment {
                                                                    value: "4.0",
                                                                    with_condition: false,
                                                                },
                                                            ),
                                                        ],
                                                        separator: Empty,
                                                    },
                                                ),
                                                quoted: true,
                                                with_condition: false,
                                            },
                                        ),
                                        Raw(
                                            RawFragment {
                                                value: " ",
                                                with_condition: false,
                                            },
                                        ),
                                        Raw(
                                            RawFragment {
                                                value: "2.0",
                                                with_condition: false,
                                            },
                                        ),
                                    ],
                                    separator: Empty,
                                },
                            ),
                            quoted: true,
                            with_condition: false,
                        },
                    ),
                },
            ),
            Log(
                LogFragment {
                    value: Subprocess(
                        SubprocessFragment {
                            fragment: List(
                                ListFragment {
                                    values: [
                                        Raw(
                                            RawFragment {
                                                value: "awk 'BEGIN { print ARGV[1]",
                                                with_condition: false,
                                            },
                                        ),
                                        Raw(
                                            RawFragment {
                                                value: "/",
                                                with_condition: false,
                                            },
                                        ),
                                        Raw(
                                            RawFragment {
                                                value: "ARGV[2] }'",
                                                with_condition: false,
                                            },
                                        ),
                                        Raw(
                                            RawFragment {
                                                value: " ",
                                                with_condition: false,
                                            },
                                        ),
                                        Subprocess(
                                            SubprocessFragment {
                                                fragment: List(
                                                    ListFragment {
                                                        values: [
                                                            Raw(
                                                                RawFragment {
                                                                    value: "awk 'BEGIN { print ARGV[1]",
                                                                    with_condition: false,
                                                                },
                                                            ),
                                                            Raw(
                                                                RawFragment {
                                                                    value: "/",
                                                                    with_condition: false,
                                                                },
                                                            ),
                                                            Raw(
                                                                RawFragment {
                                                                    value: "ARGV[2] }'",
                                                                    with_condition: false,
                                                                },
                                                            ),
                                                            Raw(
                                                                RawFragment {
                                                                    value: " ",
                                                                    with_condition: false,
                                                                },
                                                            ),
                                                            Subprocess(
                                                                SubprocessFragment {
                                                                    fragment: List(
                                                                        ListFragment {
                                                                            values: [
                                                                                Raw(
                                                                                    RawFragment {
                                                                                        value: "awk 'BEGIN { print ARGV[1]",
                                                                                        with_condition: false,
                                                                                    },
                                                                                ),
                                                                                Raw(
                                                                                    RawFragment {
                                                                                        value: "/",
                                                                                        with_condition: false,
                                                                                    },
                                                                                ),
                                                                                Raw(
                                                                                    RawFragment {
                                                                                        value: "ARGV[2] }'",
                                                                                        with_condition: false,
                                                                                    },
                                                                                ),
                                                                                Raw(
                                                                                    RawFragment {
                                                                                        value: " ",
                                                                                        with_condition: false,
                                                                                    },
                                                                                ),
                                                                                Raw(
                                                                                    RawFragment {
                                                                                        value: "100.0",
                                                                                        with_condition: false,
                                                                                    },
                                                                                ),
                                                                                Raw(
                                                                                    RawFragment {
                                                                                        value: " ",
                                                                                        with_condition: false,
                                                                                    },
                                                                                ),
                                                                                Raw(
                                                                                    RawFragment {
                                                                                        value: "5.0",
                                                                                        with_condition: false,
                                                                                    },
                                                                                ),
                                                                            ],
                                                                            separator: Empty,
                                                                        },
                                                                    ),
                                                                    quoted: true,
                                                                    with_condition: false,
                                                                },
                                                            ),
                                                            Raw(
                                                                RawFragment {
                                                                    value: " ",
                                                                    with_condition: false,
                                                                },
                                                            ),
                                                            Raw(
                                                                RawFragment {
                                                                    value: "2.5",
                                                                    with_condition: false,
                                                                },
                                                            ),
                                                        ],
                                                        separator: Empty,
                                                    },
                                                ),
                                                quoted: true,
                                                with_condition: false,
                                            },
                                        ),
                                        Raw(
                                            RawFragment {
                                                value: " ",
                                                with_condition: false,
                                            },
                                        ),
                                        Raw(
                                            RawFragment {
                                                value: "2.0",
                                                with_condition: false,
                                            },
                                        ),
                                    ],
                                    separator: Empty,
                                },
                            ),
                            quoted: true,
                            with_condition: false,
                        },
                    ),
                },
            ),
        ],
        increase_indent: true,
        needs_noop: false,
        is_conditional: false,
    },
)
